{
    "archetype": "",
    "can_be_cast_as_ritual": false,
    "casting_time": "1 action",
    "circles": "",
    "components": "V, S",
    "concentration": "no",
    "desc": "You create three glowing darts of magical force. Each dart hits a creature of your choice that you can see within range. A dart deals 1d4 + 1 force damage to its target. The darts all strike simultaneously, and you can direct them to hit one creature or several.",
    "dnd_class": "Sorcerer, Wizard",
    "document__license_url": "http://open5e.com/legal",
    "document__slug": "wotc-srd",
    "document__title": "5e Core Rules",
    "document__url": "http://dnd.wizards.com/articles/features/systems-reference-document-srd",
    "duration": "Instantaneous",
    "higher_level": "When you cast this spell using a spell slot of 2nd level or higher, the spell creates one more dart for each slot level above 1st.",
    "level": "1st-level",
    "level_int": 1,
    "material": "",
    "name": "Magic Missile",
    "page": "phb 257",
    "range": "120 feet",
    "requires_concentration": false,
    "requires_material_components": false,
    "requires_somatic_components": true,
    "requires_verbal_components": true,
    "ritual": "no",
    "school": "Evocation",
    "slug": "magic-missile",
    "spell_level": 1,
    "spell_lists": [
        "sorcerer",
        "wizard"
    ],
    "target_range_sort": 120
}
