{
    "count": 23,
    "next": null,
    "previous": null,
    "results": [
        {
            "ac_string": "14 + Dex modifier (max 2)",
            "base_ac": 14,
            "category": "Medium Armor",
            "cost": "400 gp",
            "document__license_url": "http://open5e.com/legal",
            "document__slug": "wotc-srd",
            "document__title": "5e Core Rules",
            "document__url": "http://dnd.wizards.com/articles/features/systems-reference-document-srd",
            "name": "Breastplate",
            "plus_con_mod": false,
            "plus_dex_mod": true,
            "plus_flat_mod": 0,
            "plus_max": 2,
            "plus_wis_mod": false,
            "slug": "breastplate",
            "stealth_disadvantage": false,
            "strength_requirement": null,
            "weight": ""
        },
        {
            "ac_string": "13 + Dex modifier",
            "base_ac": 13,
            "category": "Light Armor",
            "cost": "50 gp",
            "document__license_url": "http://open5e.com/legal",
            "document__slug": "toh",
            "document__title": "Tome of Heroes",
            "document__url": "https://koboldpress.com/kpstore/product/tome-of-heroes-for-5th-edition/",
            "name": "Brigandine",
            "plus_con_mod": false,
            "plus_dex_mod": true,
            "plus_flat_mod": 0,
            "plus_max": 0,
            "plus_wis_mod": false,
            "slug": "brigandine",
            "stealth_disadvantage": true,
            "strength_requirement": 0,
            "weight": ""
        },
        {
            "ac_string": "16",
            "base_ac": 16,
            "category": "Heavy Armor",
            "cost": "75 gp",
            "document__license_url": "http://open5e.com/legal",
            "document__slug": "wotc-srd",
            "document__title": "5e Core Rules",
            "document__url": "http://dnd.wizards.com/articles/features/systems-reference-document-srd",
            "name": "Chain mail",
            "plus_con_mod": false,
            "plus_dex_mod": false,
            "plus_flat_mod": 0,
            "plus_max": 0,
            "plus_wis_mod": false,
            "slug": "chain-mail",
            "stealth_disadvantage": true,
            "strength_requirement": 13,
            "weight": ""
        },
        {
            "ac_string": "13 + Dex modifier (max 2)",
            "base_ac": 13,
            "category": "Medium Armor",
            "cost": "50 gp",
            "document__license_url": "http://open5e.com/legal",
            "document__slug": "wotc-srd",
            "document__title": "5e Core Rules",
            "document__url": "http://dnd.wizards.com/articles/features/systems-reference-document-srd",
            "name": "Chain Shirt",
            "plus_con_mod": false,
            "plus_dex_mod": true,
            "plus_flat_mod": 0,
            "plus_max": 2,
            "plus_wis_mod": false,
            "slug": "chain-shirt",
            "stealth_disadvantage": false,
            "strength_requirement": null,
            "weight": ""
        },
        {
            "ac_string": "13 + Dex modifier",
            "base_ac": 13,
            "category": "Class Feature",
            "cost": "0 gp",
            "document__license_url": "http://open5e.com/legal",
            "document__slug": "wotc-srd",
            "document__title": "5e Core Rules",
            "document__url": "http://dnd.wizards.com/articles/features/systems-reference-document-srd",
            "name": "Draconic Resilience",
            "plus_con_mod": false,
            "plus_dex_mod": true,
            "plus_flat_mod": 0,
            "plus_max": 0,
            "plus_wis_mod": false,
            "slug": "draconic-resilience",
            "stealth_disadvantage": false,
            "strength_requirement": null,
            "weight": ""
        },
        {
            "ac_string": "15 + Dex modifier (max 2)",
            "base_ac": 15,
            "category": "Medium Armor",
            "cost": "750 gp",
            "document__license_url": "http://open5e.com/legal",
            "document__slug": "wotc-srd",
            "document__title": "5e Core Rules",
            "document__url": "http://dnd.wizards.com/articles/features/systems-reference-document-srd",
            "name": "Half plate",
            "plus_con_mod": false,
            "plus_dex_mod": true,
            "plus_flat_mod": 0,
            "plus_max": 2,
            "plus_wis_mod": false,
            "slug": "half-plate",
            "stealth_disadvantage": true,
            "strength_requirement": null,
            "weight": ""
        },
        {
            "ac_string": "12 + Dex modifier (max 2)",
            "base_ac": 12,
            "category": "Medium Armor",
            "cost": "10 gp",
            "document__license_url": "http://open5e.com/legal",
            "document__slug": "wotc-srd",
            "document__title": "5e Core Rules",
            "document__url": "http://dnd.wizards.com/articles/features/systems-reference-document-srd",
            "name": "Hide",
            "plus_con_mod": false,
            "plus_dex_mod": true,
            "plus_flat_mod": 0,
            "plus_max": 2,
            "plus_wis_mod": false,
            "slug": "hide",
            "stealth_disadvantage": false,
            "strength_requirement": null,
            "weight": ""
        },
        {
            "ac_string": "11 + Dex modifier +2",
            "base_ac": 11,
            "category": "Shield",
            "cost": "15 gp",
            "document__license_url": "http://open5e.com/legal",
            "document__slug": "toh",
            "document__title": "Tome of Heroes",
            "document__url": "https://koboldpress.com/kpstore/product/tome-of-heroes-for-5th-edition/",
            "name": "Kite shield",
            "plus_con_mod": false,
            "plus_dex_mod": true,
            "plus_flat_mod": 2,
            "plus_max": 0,
            "plus_wis_mod": false,
            "slug": "kite-shield",
            "stealth_disadvantage": false,
            "strength_requirement": 0,
            "weight": ""
        },
        {
            "ac_string": "11 + Dex modifier",
            "base_ac": 11,
            "category": "Light Armor",
            "cost": "10 gp",
            "document__license_url": "http://open5e.com/legal",
            "document__slug": "wotc-srd",
            "document__title": "5e Core Rules",
            "document__url": "http://dnd.wizards.com/articles/features/systems-reference-document-srd",
            "name": "Leather",
            "plus_con_mod": false,
            "plus_dex_mod": true,
            "plus_flat_mod": 0,
            "plus_max": 0,
            "plus_wis_mod": false,
            "slug": "leather",
            "stealth_disadvantage": false,
            "strength_requirement": null,
            "weight": ""
        },
        {
            "ac_string": "13 + Dex modifier",
            "base_ac": 13,
            "category": "Spell",
            "cost": "0 gp",
            "document__license_url": "http://open5e.com/legal",
            "document__slug": "wotc-srd",
            "document__title": "5e Core Rules",
            "document__url": "http://dnd.wizards.com/articles/features/systems-reference-document-srd",
            "name": "Mage Armor",
            "plus_con_mod": false,
            "plus_dex_mod": true,
            "plus_flat_mod": 0,
            "plus_max": 0,
            "plus_wis_mod": false,
            "slug": "mage-armor",
            "stealth_disadvantage": false,
            "strength_requirement": null,
            "weight": ""
        },
        {
            "ac_string": "11 + Dex modifier +1",
            "base_ac": 11,
            "category": "Shield",
            "cost": "6 gp",
            "document__license_url": "http://open5e.com/legal",
            "document__slug": "toh",
            "document__title": "Tome of Heroes",
            "document__url": "https://koboldpress.com/kpstore/product/tome-of-heroes-for-5th-edition/",
            "name": "Manica",
            "plus_con_mod": false,
            "plus_dex_mod": true,
            "plus_flat_mod": 1,
            "plus_max": 0,
            "plus_wis_mod": false,
            "slug": "manica",
            "stealth_disadvantage": false,
            "strength_requirement": 0,
            "weight": ""
        },
        {
            "ac_string": "11 + Dex modifier",
            "base_ac": 11,
            "category": "Light Armor",
            "cost": "5 gp",
            "document__license_url": "http://open5e.com/legal",
            "document__slug": "wotc-srd",
            "document__title": "5e Core Rules",
            "document__url": "http://dnd.wizards.com/articles/features/systems-reference-document-srd",
            "name": "Padded",
            "plus_con_mod": false,
            "plus_dex_mod": true,
            "plus_flat_mod": 0,
            "plus_max": 0,
            "plus_wis_mod": false,
            "slug": "padded",
            "stealth_disadvantage": true,
            "strength_requirement": null,
            "weight": ""
        },
        {
            "ac_string": "18",
            "base_ac": 18,
            "category": "Heavy Armor",
            "cost": "1500 gp",
            "document__license_url": "http://open5e.com/legal",
            "document__slug": "wotc-srd",
            "document__title": "5e Core Rules",
            "document__url": "http://dnd.wizards.com/articles/features/systems-reference-document-srd",
            "name": "Plate",
            "plus_con_mod": false,
            "plus_dex_mod": false,
            "plus_flat_mod": 0,
            "plus_max": 0,
            "plus_wis_mod": false,
            "slug": "plate",
            "stealth_disadvantage": true,
            "strength_requirement": 15,
            "weight": ""
        },
        {
            "ac_string": "14",
            "base_ac": 14,
            "category": "Heavy Armor",
            "cost": "30 gp",
            "document__license_url": "http://open5e.com/legal",
            "document__slug": "wotc-srd",
            "document__title": "5e Core Rules",
            "document__url": "http://dnd.wizards.com/articles/features/systems-reference-document-srd",
            "name": "Ring mail",
            "plus_con_mod": false,
            "plus_dex_mod": false,
            "plus_flat_mod": 0,
            "plus_max": 0,
            "plus_wis_mod": false,
            "slug": "ring-mail",
            "stealth_disadvantage": true,
            "strength_requirement": null,
            "weight": ""
        },
        {
            "ac_string": "14 + Dex modifier (max 2)",
            "base_ac": 14,
            "category": "Medium Armor",
            "cost": "50 gp",
            "document__license_url": "http://open5e.com/legal",
            "document__slug": "wotc-srd",
            "document__title": "5e Core Rules",
            "document__url": "http://dnd.wizards.com/articles/features/systems-reference-document-srd",
            "name": "Scale mail",
            "plus_con_mod": false,
            "plus_dex_mod": true,
            "plus_flat_mod": 0,
            "plus_max": 2,
            "plus_wis_mod": false,
            "slug": "scale-mail",
            "stealth_disadvantage": true,
            "strength_requirement": null,
            "weight": ""
        },
        {
            "ac_string": "0 +2",
            "base_ac": 0,
            "category": "Shield",
            "cost": "10 gp",
            "document__license_url": "http://open5e.com/legal",
            "document__slug": "wotc-srd",
            "document__title": "5e Core Rules",
            "document__url": "http://dnd.wizards.com/articles/features/systems-reference-document-srd",
            "name": "Shield",
            "plus_con_mod": false,
            "plus_dex_mod": false,
            "plus_flat_mod": 2,
            "plus_max": 0,
            "plus_wis_mod": false,
            "slug": "shield",
            "stealth_disadvantage": false,
            "strength_requirement": null,
            "weight": ""
        },
        {
            "ac_string": "14 + Dex modifier (max 2)",
            "base_ac": 14,
            "category": "Medium Armor",
            "cost": "2,000 gp",
            "document__license_url": "http://open5e.com/legal",
            "document__slug": "toh",
            "document__title": "Tome of Heroes",
            "document__url": "https://koboldpress.com/kpstore/product/tome-of-heroes-for-5th-edition/",
            "name": "Silk-Backed Coin Mail",
            "plus_con_mod": false,
            "plus_dex_mod": true,
            "plus_flat_mod": 0,
            "plus_max": 2,
            "plus_wis_mod": false,
            "slug": "silk-backed-coin-mail",
            "stealth_disadvantage": true,
            "strength_requirement": 0,
            "weight": ""
        },
        {
            "ac_string": "17",
            "base_ac": 17,
            "category": "Heavy Armor",
            "cost": "200 gp",
            "document__license_url": "http://open5e.com/legal",
            "document__slug": "wotc-srd",
            "document__title": "5e Core Rules",
            "document__url": "http://dnd.wizards.com/articles/features/systems-reference-document-srd",
            "name": "Splint",
            "plus_con_mod": false,
            "plus_dex_mod": false,
            "plus_flat_mod": 0,
            "plus_max": 0,
            "plus_wis_mod": false,
            "slug": "splint",
            "stealth_disadvantage": true,
            "strength_requirement": 15,
            "weight": ""
        },
        {
            "ac_string": "19 + Dex modifier",
            "base_ac": 19,
            "category": "Heavy Armor",
            "cost": "3,000 gp",
            "document__license_url": "http://open5e.com/legal",
            "document__slug": "toh",
            "document__title": "Tome of Heroes",
            "document__url": "https://koboldpress.com/kpstore/product/tome-of-heroes-for-5th-edition/",
            "name": "Stonesteel",
            "plus_con_mod": false,
            "plus_dex_mod": true,
            "plus_flat_mod": 0,
            "plus_max": 0,
            "plus_wis_mod": false,
            "slug": "stonesteel",
            "stealth_disadvantage": true,
            "strength_requirement": 16,
            "weight": ""
        },
        {
            "ac_string": "12 + Dex modifier",
            "base_ac": 12,
            "category": "Light Armor",
            "cost": "45 gp",
            "document__license_url": "http://open5e.com/legal",
            "document__slug": "wotc-srd",
            "document__title": "5e Core Rules",
            "document__url": "http://dnd.wizards.com/articles/features/systems-reference-document-srd",
            "name": "Studded Leather",
            "plus_con_mod": false,
            "plus_dex_mod": true,
            "plus_flat_mod": 0,
            "plus_max": 0,
            "plus_wis_mod": false,
            "slug": "studded-leather",
            "stealth_disadvantage": false,
            "strength_requirement": null,
            "weight": ""
        },
        {
            "ac_string": "10 + Dex modifier",
            "base_ac": 10,
            "category": "No Armor",
            "cost": "5 gp",
            "document__license_url": "http://open5e.com/legal",
            "document__slug": "wotc-srd",
            "document__title": "5e Core Rules",
            "document__url": "http://dnd.wizards.com/articles/features/systems-reference-document-srd",
            "name": "Unarmored",
            "plus_con_mod": false,
            "plus_dex_mod": true,
            "plus_flat_mod": 0,
            "plus_max": 0,
            "plus_wis_mod": false,
            "slug": "unarmored",
            "stealth_disadvantage": false,
            "strength_requirement": null,
            "weight": ""
        },
        {
            "ac_string": "10 + Dex modifier + Con modifier",
            "base_ac": 10,
            "category": "Class Feature",
            "cost": "0 gp",
            "document__license_url": "http://open5e.com/legal",
            "document__slug": "wotc-srd",
            "document__title": "5e Core Rules",
            "document__url": "http://dnd.wizards.com/articles/features/systems-reference-document-srd",
            "name": "Unarmored Defense (Barbarian)",
            "plus_con_mod": true,
            "plus_dex_mod": true,
            "plus_flat_mod": 0,
            "plus_max": 0,
            "plus_wis_mod": false,
            "slug": "unarmored-defense-barbarian",
            "stealth_disadvantage": false,
            "strength_requirement": null,
            "weight": ""
        },
        {
            "ac_string": "10 + Dex modifier + Wis modifier",
            "base_ac": 10,
            "category": "Class Feature",
            "cost": "0 gp",
            "document__license_url": "http://open5e.com/legal",
            "document__slug": "wotc-srd",
            "document__title": "5e Core Rules",
            "document__url": "http://dnd.wizards.com/articles/features/systems-reference-document-srd",
            "name": "Unarmored Defense (Monk)",
            "plus_con_mod": false,
            "plus_dex_mod": true,
            "plus_flat_mod": 0,
            "plus_max": 0,
            "plus_wis_mod": true,
            "slug": "unarmored-defense-monk",
            "stealth_disadvantage": false,
            "strength_requirement": null,
            "weight": ""
        }
    ]
}
