{
    "armor": "http://localhost:8000/v2/armor/",
    "backgrounds": "http://localhost:8000/v2/backgrounds/",
    "classes": "http://localhost:8000/v1/classes/",
    "conditions": "http://localhost:8000/v2/conditions/",
    "documents": "http://localhost:8000/v2/documents/",
    "feats": "http://localhost:8000/v2/feats/",
    "magicitems": "http://localhost:8000/v1/magicitems/",
    "manifest": "http://localhost:8000/v1/manifest/",
    "monsters": "http://localhost:8000/v1/monsters/",
    "planes": "http://localhost:8000/v1/planes/",
    "races": "http://localhost:8000/v2/races/",
    "sections": "http://localhost:8000/v1/sections/",
    "spelllist": "http://localhost:8000/v1/spelllist/",
    "spells": "http://localhost:8000/v2/spells/",
    "weapons": "http://localhost:8000/v2/weapons/"
}
